15:40:19.039 [main] INFO  testCases.TC001_AccountRegistrationTest - **** Click on Account link  ****
15:40:20.157 [main] INFO  testCases.TC001_AccountRegistrationTest - **** Click to register link  ****
15:40:23.367 [main] INFO  testCases.TC001_AccountRegistrationTest - **** Form submission complete  ****
15:40:23.368 [main] INFO  testCases.TC001_AccountRegistrationTest - **** Validation confirmation message  ****
18:31:02.418 [main] INFO  testCases.TC001_AccountRegistrationTest - **** Starting TC001 AccountRegistration  ****
18:33:49.387 [main] INFO  testCases.TC001_AccountRegistrationTest - **** Starting TC001 AccountRegistration  ****
18:37:01.516 [main] INFO  testCases.TC001_AccountRegistrationTest - **** Starting TC001 AccountRegistration  ****
18:37:44.554 [main] INFO  testCases.TC001_AccountRegistrationTest - **** Starting TC001 AccountRegistration  ****
18:38:17.560 [main] INFO  testCases.TC001_AccountRegistrationTest - **** Starting TC001 AccountRegistration  ****
18:39:44.183 [main] INFO  testCases.TC001_AccountRegistrationTest - **** Starting TC001 AccountRegistration  ****
18:39:44.404 [main] INFO  testCases.TC001_AccountRegistrationTest - **** Click on Account link  ****
18:39:44.999 [main] INFO  testCases.TC001_AccountRegistrationTest - **** Click to register link  ****
18:39:46.733 [main] INFO  testCases.TC001_AccountRegistrationTest - **** Form submission complete  ****
18:39:46.733 [main] INFO  testCases.TC001_AccountRegistrationTest - **** Validation confirmation message  ****
18:40:06.562 [main] INFO  testCases.TC001_AccountRegistrationTest - **** Starting TC001 AccountRegistration  ****
18:40:07.143 [main] INFO  testCases.TC001_AccountRegistrationTest - **** Click on Account link  ****
18:40:07.597 [main] INFO  testCases.TC001_AccountRegistrationTest - **** Click to register link  ****
18:40:09.350 [main] INFO  testCases.TC001_AccountRegistrationTest - **** Form submission complete  ****
18:40:09.350 [main] INFO  testCases.TC001_AccountRegistrationTest - **** Validation confirmation message  ****
19:00:40.129 [main] INFO  testCases.TC001_AccountRegistrationTest - **** Starting TC001 AccountRegistration  ****
19:00:40.629 [main] INFO  testCases.TC001_AccountRegistrationTest - **** Click on Account link  ****
19:00:40.995 [main] INFO  testCases.TC001_AccountRegistrationTest - **** Click to register link  ****
19:00:42.519 [main] INFO  testCases.TC001_AccountRegistrationTest - **** Form submission complete  ****
19:00:42.520 [main] INFO  testCases.TC001_AccountRegistrationTest - **** Validation confirmation message  ****
19:12:35.868 [main] INFO  testCases.TC001_AccountRegistrationTest - **** Starting TC001 AccountRegistration  ****
19:12:36.415 [main] INFO  testCases.TC001_AccountRegistrationTest - **** Click on Account link  ****
19:12:36.807 [main] INFO  testCases.TC001_AccountRegistrationTest - **** Click to register link  ****
19:12:38.340 [main] INFO  testCases.TC001_AccountRegistrationTest - **** Form submission complete  ****
19:12:38.340 [main] INFO  testCases.TC001_AccountRegistrationTest - **** Validation confirmation message  ****
